--------- beginning of crash
05-14 20:25:56.585 E/AndroidRuntime( 2191): FATAL EXCEPTION: main
05-14 20:25:56.585 E/AndroidRuntime( 2191): Process: com.google.android.as, PID: 2191
05-14 20:25:56.585 E/AndroidRuntime( 2191): java.util.NoSuchElementException: Death link does not exist (NAME_NOT_FOUND)
05-14 20:25:56.585 E/AndroidRuntime( 2191): 	at android.os.BinderProxy.unlinkToDeathNative(Native Method)
05-14 20:25:56.585 E/AndroidRuntime( 2191): 	at android.os.BinderProxy.unlinkToDeath(BinderProxy.java:684)
05-14 20:25:56.585 E/AndroidRuntime( 2191): 	at android.service.appprediction.AppPredictionService$CallbackWrapper.destroy(AppPredictionService.java:369)
05-14 20:25:56.585 E/AndroidRuntime( 2191): 	at android.service.appprediction.AppPredictionService$$ExternalSyntheticLambda3.accept(D8$$SyntheticClass:0)
05-14 20:25:56.585 E/AndroidRuntime( 2191): 	at java.util.ArrayList.forEach(ArrayList.java:1621)
05-14 20:25:56.585 E/AndroidRuntime( 2191): 	at android.service.appprediction.AppPredictionService.doDestroyPredictionSession(AppPredictionService.java:281)
05-14 20:25:56.585 E/AndroidRuntime( 2191): 	at android.service.appprediction.AppPredictionService.-$$Nest$mdoDestroyPredictionSession(AppPredictionService.java:0)
05-14 20:25:56.585 E/AndroidRuntime( 2191): 	at android.service.appprediction.AppPredictionService$1.$r8$lambda$6jiocxmfpkMhouurJIFDr1RsclQ(AppPredictionService.java:0)
05-14 20:25:56.585 E/AndroidRuntime( 2191): 	at android.service.appprediction.AppPredictionService$1$$ExternalSyntheticLambda4.accept(D8$$SyntheticClass:0)
05-14 20:25:56.585 E/AndroidRuntime( 2191): 	at com.android.internal.util.function.pooled.PooledLambdaImpl.doInvoke(PooledLambdaImpl.java:281)
05-14 20:25:56.585 E/AndroidRuntime( 2191): 	at com.android.internal.util.function.pooled.PooledLambdaImpl.invoke(PooledLambdaImpl.java:204)
05-14 20:25:56.585 E/AndroidRuntime( 2191): 	at com.android.internal.util.function.pooled.OmniFunction.run(OmniFunction.java:87)
05-14 20:25:56.585 E/AndroidRuntime( 2191): 	at android.os.Handler.handleCallback(Handler.java:1095)
05-14 20:25:56.585 E/AndroidRuntime( 2191): 	at android.os.Handler.dispatchMessageImpl(Handler.java:135)
05-14 20:25:56.585 E/AndroidRuntime( 2191): 	at android.os.Handler.dispatchMessage(Handler.java:125)
05-14 20:25:56.585 E/AndroidRuntime( 2191): 	at android.os.Looper.loopOnce(Looper.java:296)
05-14 20:25:56.585 E/AndroidRuntime( 2191): 	at android.os.Looper.loop(Looper.java:397)
05-14 20:25:56.585 E/AndroidRuntime( 2191): 	at android.app.ActivityThread.main(ActivityThread.java:9523)
05-14 20:25:56.585 E/AndroidRuntime( 2191): 	at java.lang.reflect.Method.invoke(Native Method)
05-14 20:25:56.585 E/AndroidRuntime( 2191): 	at com.android.internal.os.RuntimeInit$MethodAndArgsCaller.run(RuntimeInit.java:575)
05-14 20:25:56.585 E/AndroidRuntime( 2191): 	at com.android.internal.os.ZygoteInit.main(ZygoteInit.java:939)
05-14 20:40:25.966 E/AndroidRuntime(19003): FATAL EXCEPTION: main
05-14 20:40:25.966 E/AndroidRuntime(19003): Process: com.google.android.apps.nexuslauncher, PID: 19003
05-14 20:40:25.966 E/AndroidRuntime(19003): java.lang.IllegalArgumentException: Activity client record must not be null to execute transaction item: TopResumedActivityChangeItem{mActivityToken=android.os.BinderProxy@dcbcf6f,onTop=true}
05-14 20:40:25.966 E/AndroidRuntime(19003): 	at android.app.servertransaction.ActivityTransactionItem.getActivityClientRecord(ActivityTransactionItem.java:83)
05-14 20:40:25.966 E/AndroidRuntime(19003): 	at android.app.servertransaction.ActivityTransactionItem.execute(ActivityTransactionItem.java:62)
05-14 20:40:25.966 E/AndroidRuntime(19003): 	at android.app.servertransaction.TransactionExecutor.executeNonLifecycleItem(TransactionExecutor.java:133)
05-14 20:40:25.966 E/AndroidRuntime(19003): 	at android.app.servertransaction.TransactionExecutor.executeTransactionItems(TransactionExecutor.java:103)
05-14 20:40:25.966 E/AndroidRuntime(19003): 	at android.app.servertransaction.TransactionExecutor.execute(TransactionExecutor.java:80)
05-14 20:40:25.966 E/AndroidRuntime(19003): 	at android.app.ActivityThread$H.handleMessage(ActivityThread.java:3032)
05-14 20:40:25.966 E/AndroidRuntime(19003): 	at android.os.Handler.dispatchMessageImpl(Handler.java:142)
05-14 20:40:25.966 E/AndroidRuntime(19003): 	at android.os.Handler.dispatchMessage(Handler.java:125)
05-14 20:40:25.966 E/AndroidRuntime(19003): 	at android.os.Looper.loopOnce(Looper.java:296)
05-14 20:40:25.966 E/AndroidRuntime(19003): 	at android.os.Looper.loop(Looper.java:397)
05-14 20:40:25.966 E/AndroidRuntime(19003): 	at android.app.ActivityThread.main(ActivityThread.java:9523)
05-14 20:40:25.966 E/AndroidRuntime(19003): 	at java.lang.reflect.Method.invoke(Native Method)
05-14 20:40:25.966 E/AndroidRuntime(19003): 	at com.android.internal.os.RuntimeInit$MethodAndArgsCaller.run(RuntimeInit.java:575)
05-14 20:40:25.966 E/AndroidRuntime(19003): 	at com.android.internal.os.ZygoteInit.main(ZygoteInit.java:939)
05-14 20:40:31.592 E/AndroidRuntime(20021): FATAL EXCEPTION: main
05-14 20:40:31.592 E/AndroidRuntime(20021): Process: com.google.android.apps.nexuslauncher, PID: 20021
05-14 20:40:31.592 E/AndroidRuntime(20021): java.lang.IllegalArgumentException: Activity client record must not be null to execute transaction item: TopResumedActivityChangeItem{mActivityToken=android.os.BinderProxy@da6555a,onTop=false}
05-14 20:40:31.592 E/AndroidRuntime(20021): 	at android.app.servertransaction.ActivityTransactionItem.getActivityClientRecord(ActivityTransactionItem.java:83)
05-14 20:40:31.592 E/AndroidRuntime(20021): 	at android.app.servertransaction.ActivityTransactionItem.execute(ActivityTransactionItem.java:62)
05-14 20:40:31.592 E/AndroidRuntime(20021): 	at android.app.servertransaction.TransactionExecutor.executeNonLifecycleItem(TransactionExecutor.java:133)
05-14 20:40:31.592 E/AndroidRuntime(20021): 	at android.app.servertransaction.TransactionExecutor.executeTransactionItems(TransactionExecutor.java:103)
05-14 20:40:31.592 E/AndroidRuntime(20021): 	at android.app.servertransaction.TransactionExecutor.execute(TransactionExecutor.java:80)
05-14 20:40:31.592 E/AndroidRuntime(20021): 	at android.app.ActivityThread$H.handleMessage(ActivityThread.java:3032)
05-14 20:40:31.592 E/AndroidRuntime(20021): 	at android.os.Handler.dispatchMessageImpl(Handler.java:142)
05-14 20:40:31.592 E/AndroidRuntime(20021): 	at android.os.Handler.dispatchMessage(Handler.java:125)
05-14 20:40:31.592 E/AndroidRuntime(20021): 	at android.os.Looper.loopOnce(Looper.java:296)
05-14 20:40:31.592 E/AndroidRuntime(20021): 	at android.os.Looper.loop(Looper.java:397)
05-14 20:40:31.592 E/AndroidRuntime(20021): 	at android.app.ActivityThread.main(ActivityThread.java:9523)
05-14 20:40:31.592 E/AndroidRuntime(20021): 	at java.lang.reflect.Method.invoke(Native Method)
05-14 20:40:31.592 E/AndroidRuntime(20021): 	at com.android.internal.os.RuntimeInit$MethodAndArgsCaller.run(RuntimeInit.java:575)
05-14 20:40:31.592 E/AndroidRuntime(20021): 	at com.android.internal.os.ZygoteInit.main(ZygoteInit.java:939)
05-14 20:53:22.678 E/AndroidRuntime(27143): FATAL EXCEPTION: main
05-14 20:53:22.678 E/AndroidRuntime(27143): Process: com.google.android.as, PID: 27143
05-14 20:53:22.678 E/AndroidRuntime(27143): java.util.NoSuchElementException: Death link does not exist (NAME_NOT_FOUND)
05-14 20:53:22.678 E/AndroidRuntime(27143): 	at android.os.BinderProxy.unlinkToDeathNative(Native Method)
05-14 20:53:22.678 E/AndroidRuntime(27143): 	at android.os.BinderProxy.unlinkToDeath(BinderProxy.java:684)
05-14 20:53:22.678 E/AndroidRuntime(27143): 	at android.service.appprediction.AppPredictionService$CallbackWrapper.destroy(AppPredictionService.java:369)
05-14 20:53:22.678 E/AndroidRuntime(27143): 	at android.service.appprediction.AppPredictionService$$ExternalSyntheticLambda3.accept(D8$$SyntheticClass:0)
05-14 20:53:22.678 E/AndroidRuntime(27143): 	at java.util.ArrayList.forEach(ArrayList.java:1621)
05-14 20:53:22.678 E/AndroidRuntime(27143): 	at android.service.appprediction.AppPredictionService.doDestroyPredictionSession(AppPredictionService.java:281)
05-14 20:53:22.678 E/AndroidRuntime(27143): 	at android.service.appprediction.AppPredictionService.-$$Nest$mdoDestroyPredictionSession(AppPredictionService.java:0)
05-14 20:53:22.678 E/AndroidRuntime(27143): 	at android.service.appprediction.AppPredictionService$1.$r8$lambda$6jiocxmfpkMhouurJIFDr1RsclQ(AppPredictionService.java:0)
05-14 20:53:22.678 E/AndroidRuntime(27143): 	at android.service.appprediction.AppPredictionService$1$$ExternalSyntheticLambda4.accept(D8$$SyntheticClass:0)
05-14 20:53:22.678 E/AndroidRuntime(27143): 	at com.android.internal.util.function.pooled.PooledLambdaImpl.doInvoke(PooledLambdaImpl.java:281)
05-14 20:53:22.678 E/AndroidRuntime(27143): 	at com.android.internal.util.function.pooled.PooledLambdaImpl.invoke(PooledLambdaImpl.java:204)
05-14 20:53:22.678 E/AndroidRuntime(27143): 	at com.android.internal.util.function.pooled.OmniFunction.run(OmniFunction.java:87)
05-14 20:53:22.678 E/AndroidRuntime(27143): 	at android.os.Handler.handleCallback(Handler.java:1095)
05-14 20:53:22.678 E/AndroidRuntime(27143): 	at android.os.Handler.dispatchMessageImpl(Handler.java:135)
05-14 20:53:22.678 E/AndroidRuntime(27143): 	at android.os.Handler.dispatchMessage(Handler.java:125)
05-14 20:53:22.678 E/AndroidRuntime(27143): 	at android.os.Looper.loopOnce(Looper.java:296)
05-14 20:53:22.678 E/AndroidRuntime(27143): 	at android.os.Looper.loop(Looper.java:397)
05-14 20:53:22.678 E/AndroidRuntime(27143): 	at android.app.ActivityThread.main(ActivityThread.java:9523)
05-14 20:53:22.678 E/AndroidRuntime(27143): 	at java.lang.reflect.Method.invoke(Native Method)
05-14 20:53:22.678 E/AndroidRuntime(27143): 	at com.android.internal.os.RuntimeInit$MethodAndArgsCaller.run(RuntimeInit.java:575)
05-14 20:53:22.678 E/AndroidRuntime(27143): 	at com.android.internal.os.ZygoteInit.main(ZygoteInit.java:939)
05-14 21:29:31.880 E/AndroidRuntime(31216): FATAL EXCEPTION: main
05-14 21:29:31.880 E/AndroidRuntime(31216): Process: com.google.android.gms.persistent, PID: 31216
05-14 21:29:31.880 E/AndroidRuntime(31216): java.lang.NullPointerException: Attempt to invoke virtual method 'android.os.Bundle android.os.Bundle.getBundle(java.lang.String)' on a null object reference
05-14 21:29:31.880 E/AndroidRuntime(31216): 	at android.app.ActivityThread.getCoreSettingsForDeviceLocked(ActivityThread.java:9455)
05-14 21:29:31.880 E/AndroidRuntime(31216): 	at android.app.ActivityThread.getCoreSettingsForDefaultDeviceLocked(ActivityThread.java:9446)
05-14 21:29:31.880 E/AndroidRuntime(31216): 	at android.app.ActivityThread.handleBindApplication(ActivityThread.java:8119)
05-14 21:29:31.880 E/AndroidRuntime(31216): 	at android.app.ActivityThread.-$$Nest$mhandleBindApplication(ActivityThread.java:0)
05-14 21:29:31.880 E/AndroidRuntime(31216): 	at android.app.ActivityThread$H.handleMessage(ActivityThread.java:2761)
05-14 21:29:31.880 E/AndroidRuntime(31216): 	at android.os.Handler.dispatchMessageImpl(Handler.java:142)
05-14 21:29:31.880 E/AndroidRuntime(31216): 	at android.os.Handler.dispatchMessage(Handler.java:125)
05-14 21:29:31.880 E/AndroidRuntime(31216): 	at android.os.Looper.loopOnce(Looper.java:296)
05-14 21:29:31.880 E/AndroidRuntime(31216): 	at android.os.Looper.loop(Looper.java:397)
05-14 21:29:31.880 E/AndroidRuntime(31216): 	at android.app.ActivityThread.main(ActivityThread.java:9523)
05-14 21:29:31.880 E/AndroidRuntime(31216): 	at java.lang.reflect.Method.invoke(Native Method)
05-14 21:29:31.880 E/AndroidRuntime(31216): 	at com.android.internal.os.RuntimeInit$MethodAndArgsCaller.run(RuntimeInit.java:575)
05-14 21:29:31.880 E/AndroidRuntime(31216): 	at com.android.internal.os.ZygoteInit.main(ZygoteInit.java:939)
05-14 21:29:45.355 E/AndroidRuntime( 1787): FATAL EXCEPTION: main
05-14 21:29:45.355 E/AndroidRuntime( 1787): Process: com.google.android.apps.nexuslauncher, PID: 1787
05-14 21:29:45.355 E/AndroidRuntime( 1787): java.lang.IllegalArgumentException: Activity client record must not be null to execute transaction item: TopResumedActivityChangeItem{mActivityToken=android.os.BinderProxy@97af105,onTop=true}
05-14 21:29:45.355 E/AndroidRuntime( 1787): 	at android.app.servertransaction.ActivityTransactionItem.getActivityClientRecord(ActivityTransactionItem.java:83)
05-14 21:29:45.355 E/AndroidRuntime( 1787): 	at android.app.servertransaction.ActivityTransactionItem.execute(ActivityTransactionItem.java:62)
05-14 21:29:45.355 E/AndroidRuntime( 1787): 	at android.app.servertransaction.TransactionExecutor.executeNonLifecycleItem(TransactionExecutor.java:133)
05-14 21:29:45.355 E/AndroidRuntime( 1787): 	at android.app.servertransaction.TransactionExecutor.executeTransactionItems(TransactionExecutor.java:103)
05-14 21:29:45.355 E/AndroidRuntime( 1787): 	at android.app.servertransaction.TransactionExecutor.execute(TransactionExecutor.java:80)
05-14 21:29:45.355 E/AndroidRuntime( 1787): 	at android.app.ActivityThread$H.handleMessage(ActivityThread.java:3032)
05-14 21:29:45.355 E/AndroidRuntime( 1787): 	at android.os.Handler.dispatchMessageImpl(Handler.java:142)
05-14 21:29:45.355 E/AndroidRuntime( 1787): 	at android.os.Handler.dispatchMessage(Handler.java:125)
05-14 21:29:45.355 E/AndroidRuntime( 1787): 	at android.os.Looper.loopOnce(Looper.java:296)
05-14 21:29:45.355 E/AndroidRuntime( 1787): 	at android.os.Looper.loop(Looper.java:397)
05-14 21:29:45.355 E/AndroidRuntime( 1787): 	at android.app.ActivityThread.main(ActivityThread.java:9523)
05-14 21:29:45.355 E/AndroidRuntime( 1787): 	at java.lang.reflect.Method.invoke(Native Method)
05-14 21:29:45.355 E/AndroidRuntime( 1787): 	at com.android.internal.os.RuntimeInit$MethodAndArgsCaller.run(RuntimeInit.java:575)
05-14 21:29:45.355 E/AndroidRuntime( 1787): 	at com.android.internal.os.ZygoteInit.main(ZygoteInit.java:939)
05-14 21:29:48.238 E/AndroidRuntime( 2439): FATAL EXCEPTION: main
05-14 21:29:48.238 E/AndroidRuntime( 2439): Process: com.google.android.apps.nexuslauncher, PID: 2439
05-14 21:29:48.238 E/AndroidRuntime( 2439): java.lang.NullPointerException: Attempt to invoke virtual method 'android.os.Bundle android.os.Bundle.getBundle(java.lang.String)' on a null object reference
05-14 21:29:48.238 E/AndroidRuntime( 2439): 	at android.app.ActivityThread.getCoreSettingsForDeviceLocked(ActivityThread.java:9455)
05-14 21:29:48.238 E/AndroidRuntime( 2439): 	at android.app.ActivityThread.getCoreSettingsForDefaultDeviceLocked(ActivityThread.java:9446)
05-14 21:29:48.238 E/AndroidRuntime( 2439): 	at android.app.ActivityThread.handleBindApplication(ActivityThread.java:8119)
05-14 21:29:48.238 E/AndroidRuntime( 2439): 	at android.app.ActivityThread.-$$Nest$mhandleBindApplication(ActivityThread.java:0)
05-14 21:29:48.238 E/AndroidRuntime( 2439): 	at android.app.ActivityThread$H.handleMessage(ActivityThread.java:2761)
05-14 21:29:48.238 E/AndroidRuntime( 2439): 	at android.os.Handler.dispatchMessageImpl(Handler.java:142)
05-14 21:29:48.238 E/AndroidRuntime( 2439): 	at android.os.Handler.dispatchMessage(Handler.java:125)
05-14 21:29:48.238 E/AndroidRuntime( 2439): 	at android.os.Looper.loopOnce(Looper.java:296)
05-14 21:29:48.238 E/AndroidRuntime( 2439): 	at android.os.Looper.loop(Looper.java:397)
05-14 21:29:48.238 E/AndroidRuntime( 2439): 	at android.app.ActivityThread.main(ActivityThread.java:9523)
05-14 21:29:48.238 E/AndroidRuntime( 2439): 	at java.lang.reflect.Method.invoke(Native Method)
05-14 21:29:48.238 E/AndroidRuntime( 2439): 	at com.android.internal.os.RuntimeInit$MethodAndArgsCaller.run(RuntimeInit.java:575)
05-14 21:29:48.238 E/AndroidRuntime( 2439): 	at com.android.internal.os.ZygoteInit.main(ZygoteInit.java:939)
05-14 21:30:56.912 E/AndroidRuntime( 7052): FATAL EXCEPTION: main
05-14 21:30:56.912 E/AndroidRuntime( 7052): Process: com.google.android.gms.persistent, PID: 7052
05-14 21:30:56.912 E/AndroidRuntime( 7052): java.lang.NullPointerException: Attempt to invoke virtual method 'android.os.Bundle android.os.Bundle.getBundle(java.lang.String)' on a null object reference
05-14 21:30:56.912 E/AndroidRuntime( 7052): 	at android.app.ActivityThread.getCoreSettingsForDeviceLocked(ActivityThread.java:9455)
05-14 21:30:56.912 E/AndroidRuntime( 7052): 	at android.app.ActivityThread.getCoreSettingsForDefaultDeviceLocked(ActivityThread.java:9446)
05-14 21:30:56.912 E/AndroidRuntime( 7052): 	at android.app.ActivityThread.handleBindApplication(ActivityThread.java:8119)
05-14 21:30:56.912 E/AndroidRuntime( 7052): 	at android.app.ActivityThread.-$$Nest$mhandleBindApplication(ActivityThread.java:0)
05-14 21:30:56.912 E/AndroidRuntime( 7052): 	at android.app.ActivityThread$H.handleMessage(ActivityThread.java:2761)
05-14 21:30:56.912 E/AndroidRuntime( 7052): 	at android.os.Handler.dispatchMessageImpl(Handler.java:142)
05-14 21:30:56.912 E/AndroidRuntime( 7052): 	at android.os.Handler.dispatchMessage(Handler.java:125)
05-14 21:30:56.912 E/AndroidRuntime( 7052): 	at android.os.Looper.loopOnce(Looper.java:296)
05-14 21:30:56.912 E/AndroidRuntime( 7052): 	at android.os.Looper.loop(Looper.java:397)
05-14 21:30:56.912 E/AndroidRuntime( 7052): 	at android.app.ActivityThread.main(ActivityThread.java:9523)
05-14 21:30:56.912 E/AndroidRuntime( 7052): 	at java.lang.reflect.Method.invoke(Native Method)
05-14 21:30:56.912 E/AndroidRuntime( 7052): 	at com.android.internal.os.RuntimeInit$MethodAndArgsCaller.run(RuntimeInit.java:575)
05-14 21:30:56.912 E/AndroidRuntime( 7052): 	at com.android.internal.os.ZygoteInit.main(ZygoteInit.java:939)
05-14 21:34:07.151 E/AndroidRuntime(24212): FATAL EXCEPTION: main
05-14 21:34:07.151 E/AndroidRuntime(24212): Process: com.google.android.apps.nexuslauncher, PID: 24212
05-14 21:34:07.151 E/AndroidRuntime(24212): java.lang.IllegalArgumentException: Activity client record must not be null to execute transaction item: TopResumedActivityChangeItem{mActivityToken=android.os.BinderProxy@7d5547c,onTop=false}
05-14 21:34:07.151 E/AndroidRuntime(24212): 	at android.app.servertransaction.ActivityTransactionItem.getActivityClientRecord(ActivityTransactionItem.java:83)
05-14 21:34:07.151 E/AndroidRuntime(24212): 	at android.app.servertransaction.ActivityTransactionItem.execute(ActivityTransactionItem.java:62)
05-14 21:34:07.151 E/AndroidRuntime(24212): 	at android.app.servertransaction.TransactionExecutor.executeNonLifecycleItem(TransactionExecutor.java:133)
05-14 21:34:07.151 E/AndroidRuntime(24212): 	at android.app.servertransaction.TransactionExecutor.executeTransactionItems(TransactionExecutor.java:103)
05-14 21:34:07.151 E/AndroidRuntime(24212): 	at android.app.servertransaction.TransactionExecutor.execute(TransactionExecutor.java:80)
05-14 21:34:07.151 E/AndroidRuntime(24212): 	at android.app.ActivityThread$H.handleMessage(ActivityThread.java:3032)
05-14 21:34:07.151 E/AndroidRuntime(24212): 	at android.os.Handler.dispatchMessageImpl(Handler.java:142)
05-14 21:34:07.151 E/AndroidRuntime(24212): 	at android.os.Handler.dispatchMessage(Handler.java:125)
05-14 21:34:07.151 E/AndroidRuntime(24212): 	at android.os.Looper.loopOnce(Looper.java:296)
05-14 21:34:07.151 E/AndroidRuntime(24212): 	at android.os.Looper.loop(Looper.java:397)
05-14 21:34:07.151 E/AndroidRuntime(24212): 	at android.app.ActivityThread.main(ActivityThread.java:9523)
05-14 21:34:07.151 E/AndroidRuntime(24212): 	at java.lang.reflect.Method.invoke(Native Method)
05-14 21:34:07.151 E/AndroidRuntime(24212): 	at com.android.internal.os.RuntimeInit$MethodAndArgsCaller.run(RuntimeInit.java:575)
05-14 21:34:07.151 E/AndroidRuntime(24212): 	at com.android.internal.os.ZygoteInit.main(ZygoteInit.java:939)
05-14 21:42:03.611 E/AndroidRuntime(27412): FATAL EXCEPTION: main
05-14 21:42:03.611 E/AndroidRuntime(27412): Process: com.google.android.apps.nexuslauncher, PID: 27412
05-14 21:42:03.611 E/AndroidRuntime(27412): java.lang.IllegalArgumentException: Activity client record must not be null to execute transaction item: TopResumedActivityChangeItem{mActivityToken=android.os.BinderProxy@b6ff38b,onTop=false}
05-14 21:42:03.611 E/AndroidRuntime(27412): 	at android.app.servertransaction.ActivityTransactionItem.getActivityClientRecord(ActivityTransactionItem.java:83)
05-14 21:42:03.611 E/AndroidRuntime(27412): 	at android.app.servertransaction.ActivityTransactionItem.execute(ActivityTransactionItem.java:62)
05-14 21:42:03.611 E/AndroidRuntime(27412): 	at android.app.servertransaction.TransactionExecutor.executeNonLifecycleItem(TransactionExecutor.java:133)
05-14 21:42:03.611 E/AndroidRuntime(27412): 	at android.app.servertransaction.TransactionExecutor.executeTransactionItems(TransactionExecutor.java:103)
05-14 21:42:03.611 E/AndroidRuntime(27412): 	at android.app.servertransaction.TransactionExecutor.execute(TransactionExecutor.java:80)
05-14 21:42:03.611 E/AndroidRuntime(27412): 	at android.app.ActivityThread$H.handleMessage(ActivityThread.java:3032)
05-14 21:42:03.611 E/AndroidRuntime(27412): 	at android.os.Handler.dispatchMessageImpl(Handler.java:142)
05-14 21:42:03.611 E/AndroidRuntime(27412): 	at android.os.Handler.dispatchMessage(Handler.java:125)
05-14 21:42:03.611 E/AndroidRuntime(27412): 	at android.os.Looper.loopOnce(Looper.java:296)
05-14 21:42:03.611 E/AndroidRuntime(27412): 	at android.os.Looper.loop(Looper.java:397)
05-14 21:42:03.611 E/AndroidRuntime(27412): 	at android.app.ActivityThread.main(ActivityThread.java:9523)
05-14 21:42:03.611 E/AndroidRuntime(27412): 	at java.lang.reflect.Method.invoke(Native Method)
05-14 21:42:03.611 E/AndroidRuntime(27412): 	at com.android.internal.os.RuntimeInit$MethodAndArgsCaller.run(RuntimeInit.java:575)
05-14 21:42:03.611 E/AndroidRuntime(27412): 	at com.android.internal.os.ZygoteInit.main(ZygoteInit.java:939)
